
> anamnese-mobile@1.0.0 test
> jest PrepareFeedbackUseCase

node.exe : PASS __tests__/appl
ication/use-cases/PrepareFeedb
ackUseCase.test.ts
In Zeile:1 Zeichen:1
+ & "C:\Program 
Files\nodejs/node.exe" "C:\Use
rs\tubbeTEC\AppData\Roami ...
+ ~~~~~~~~~~~~~~~~~~~~~~~~~~~~
~~~~~~~~~~~~~~~~~~~~~~~~~~~~~~
~~~~~~~~~~~
    + CategoryInfo          : 
    NotSpecified: (PASS __te  
  sts__/...UseCase.test.ts:   
 String) [], RemoteExcepti    
on
    + FullyQualifiedErrorId : 
    NativeCommandError
 
  PrepareFeedbackUseCase
    ÔêÜ should format 
feedback correctly and 
generate mailto URL (12 ms)
    ÔêÜ should throw error 
for empty content (19 ms)

Test Suites: 1 passed, 1 total
Tests:       2 passed, 2 total
Snapshots:   0 total
Time:        5.352 s
Ran all test suites matching 
/PrepareFeedbackUseCase/i.
